// Jest Snapshot v1, https://goo.gl/fbAQLP

exports[`News it should render 1`] = `
<div>
  <h1>
    News!
  </h1>
</div>
`;
